2025-05-04 20:20:52.278050 - ICIBAN 1minute candle data saved to futures_ICIBAN_1minute.csv
2025-05-04 20:21:34.300691 - ICIBAN 1minute candle data saved to futures_ICIBAN_1minute.csv
2025-05-04 20:23:15.685838 - ICIBAN 1minute candle data saved to futures_ICIBAN_1minute.csv
2025-05-04 20:24:45.597832 - ICIBAN 1minute candle data saved to futures_ICIBAN_1minute.csv
2025-05-04 23:33:55.564908 - ICIBAN 1minute data saved to futures_ICIBAN_1minute.csv
2025-05-04 23:39:56.749482 - ICIBAN 1minute data saved to futures_ICIBAN_1minute.csv
2025-05-04 23:40:23.239303 - ICIBAN 1minute data saved to futures_ICIBAN_1minute.csv
2025-05-04 23:42:09.015668 - ICIBAN 1minute data saved to futures_ICIBAN_1minute.csv
2025-05-04 23:48:08.928732 - ICIBAN 1minute data saved to futures_ICIBAN_1minute.csv
2025-05-04 23:52:35.299341 - ICIBAN 1minute data saved to futures_ICIBAN_1minute.csv
2025-05-04 23:59:32.550708 - ICIBAN 1minute data saved to futures_ICIBAN_1minute.csv
2025-05-05 00:04:16.170979 - ICIBAN 5minute data saved to futures_ICIBAN_5minute.csv
2025-05-05 00:08:48.072649 - ICIBAN 5minute data saved to futures_ICIBAN_5minute.csv
2025-05-05 00:09:35.247447 - ICIBAN 5minute data saved to futures_ICIBAN_5minute.csv
2025-05-05 00:10:16.927978 - ICIBAN 5minute data saved to futures_ICIBAN_5minute.csv
2025-05-05 00:11:04.717160 - ICIBAN 5minute data saved to futures_ICIBAN_5minute.csv
2025-05-05 00:12:23.725675 - ICIBAN 5minute data saved to futures_ICIBAN_5minute.csv
2025-05-05 00:13:07.283913 - ICIBAN 5minute data saved to futures_ICIBAN_5minute.csv
2025-05-05 00:13:51.735065 - ICIBAN 5minute data saved to futures_ICIBAN_5minute.csv
2025-05-05 00:14:40.913009 - ICIBAN 5minute data saved to futures_ICIBAN_5minute.csv
2025-05-05 00:18:55.619276 - ICIBAN 5minute data saved to futures_ICIBAN_5minute.csv
2025-05-05 00:20:03.890080 - ICIBAN 5minute data saved to futures_ICIBAN_5minute.csv
2025-05-05 00:26:24.727453 - ICIBAN 5minute data saved to futures_ICIBAN_5minute.csv
2025-05-05 00:29:45.362803 - ICIBAN 5minute data saved to futures_ICIBAN_5minute.csv
2025-05-05 00:30:49.995523 - ICIBAN 5minute data saved to futures_ICIBAN_5minute.csv
2025-05-05 00:34:38.299432 - ICIBAN 5minute data saved to futures_ICIBAN_5minute.csv
2025-05-05 00:35:43.170297 - ICIBAN 5minute data saved to futures_ICIBAN_5minute.csv
2025-05-05 00:39:44.975830 - ICIBAN 5minute data saved to futures_ICIBAN_5minute.csv
2025-05-05 00:44:23.306493 - ICIBAN 5minute data saved to futures_ICIBAN_5minute.csv
2025-05-05 00:46:18.312679 - ICIBAN 5minute data saved to futures_ICIBAN_5minute.csv
2025-05-05 00:48:54.480042 - ICIBAN 5minute data saved to futures_ICIBAN_5minute.csv
2025-05-05 00:50:21.657184 - ICIBAN 5minute data saved to futures_ICIBAN_5minute.csv
2025-05-05 00:52:14.360734 - ICIBAN 5minute data saved to futures_ICIBAN_5minute.csv
2025-05-05 00:53:09.024846 - ICIBAN 5minute data saved to futures_ICIBAN_5minute.csv
2025-05-05 00:55:59.816313 - ICIBAN 5minute data saved to futures_ICIBAN_5minute.csv
2025-05-05 00:56:47.204653 - ICIBAN 30minute data saved to futures_ICIBAN_30minute.csv
2025-05-05 01:02:55.916802 - ICIBAN 30minute data saved to futures_ICIBAN_30minute.csv
2025-05-05 01:13:39.927874 - ICIBAN 30minute data saved to futures_ICIBAN_30minute.csv
2025-05-05 01:14:33.022305 - ICIBAN 30minute data saved to futures_ICIBAN_30minute.csv
2025-05-05 01:15:07.283543 - ICIBAN 30minute data saved to futures_ICIBAN_30minute.csv
2025-05-05 01:15:48.070802 - ICIBAN 30minute data saved to futures_ICIBAN_30minute.csv
2025-05-05 01:16:47.614633 - ICIBAN 30minute data saved to futures_ICIBAN_30minute.csv
2025-05-05 01:17:34.726744 - ICIBAN 30minute data saved to futures_ICIBAN_30minute.csv
2025-05-05 01:18:48.559228 - ICIBAN 30minute data saved to futures_ICIBAN_30minute.csv
2025-05-05 01:19:54.584562 - ICIBAN 30minute data saved to futures_ICIBAN_30minute.csv
2025-05-05 01:20:55.087423 - ICIBAN 30minute data saved to futures_ICIBAN_30minute.csv
2025-05-05 01:21:50.285615 - ICIBAN 30minute data saved to futures_ICIBAN_30minute.csv
2025-05-05 01:23:48.790160 - ICIBAN 30minute data saved to futures_ICIBAN_30minute.csv
2025-05-05 01:28:02.065202 - ICIBAN 30minute data saved to futures_ICIBAN_30minute.csv
2025-05-05 01:30:41.283243 - ICIBAN 30minute data saved to futures_ICIBAN_30minute.csv
2025-05-05 01:32:52.203449 - ICIBAN 30minute data saved to futures_ICIBAN_30minute.csv
2025-05-05 01:35:53.329378 - ICIBAN 30minute data saved to futures_ICIBAN_30minute.csv
2025-05-05 01:37:13.971881 - ICIBAN 30minute data saved to futures_ICIBAN_30minute.csv
2025-05-05 01:38:33.983003 - ICIBAN 30minute data saved to futures_ICIBAN_30minute.csv
2025-05-05 01:40:06.593315 - ICIBAN 30minute data saved to futures_ICIBAN_30minute.csv
2025-05-05 01:41:55.596254 - ICIBAN 30minute data saved to futures_ICIBAN_30minute.csv
2025-05-05 01:43:29.602379 - ICIBAN 30minute data saved to futures_ICIBAN_30minute.csv
2025-05-05 01:44:32.497777 - ICIBAN 30minute data saved to futures_ICIBAN_30minute.csv
2025-05-05 01:46:03.507620 - ICIBAN 30minute data saved to futures_ICIBAN_30minute.csv
2025-05-05 01:46:55.561295 - ICIBAN 30minute data saved to futures_ICIBAN_30minute.csv
2025-05-05 01:47:50.050558 - ICIBAN 30minute data saved to futures_ICIBAN_30minute.csv
2025-05-05 01:48:44.519140 - ICIBAN 30minute data saved to futures_ICIBAN_30minute.csv
2025-05-05 01:51:22.900740 - ICIBAN 30minute data saved to futures_ICIBAN_30minute.csv
2025-05-05 01:54:31.645903 - ICIBAN 30minute data saved to futures_ICIBAN_30minute.csv
2025-05-05 02:00:43.776611 - ICIBAN 30minute data saved to futures_ICIBAN_30minute.csv
2025-05-05 02:06:26.847806 - ICIBAN 30minute data saved to futures_ICIBAN_30minute.csv
2025-05-05 02:09:16.341429 - ICIBAN 30minute data saved to futures_ICIBAN_30minute.csv
2025-05-05 02:10:18.902532 - ICIBAN 30minute data saved to futures_ICIBAN_30minute.csv
2025-05-05 02:11:21.306678 - ICIBAN 30minute data saved to futures_ICIBAN_30minute.csv
2025-05-05 02:13:22.891272 - ICIBAN 30minute data saved to futures_ICIBAN_30minute.csv
2025-05-05 02:14:23.084750 - ICIBAN 30minute data saved to futures_ICIBAN_30minute.csv
2025-05-05 02:15:58.734337 - ICIBAN 30minute data saved to futures_ICIBAN_30minute.csv
2025-05-05 02:21:08.193125 - ICIBAN 30minute data saved to futures_ICIBAN_30minute.csv
2025-05-05 02:23:47.164065 - ICIBAN 30minute data saved to futures_ICIBAN_30minute.csv
2025-05-05 02:28:50.686385 - ICIBAN 30minute data saved to futures_ICIBAN_30minute.csv
2025-05-05 02:30:02.272156 - ICIBAN 30minute data saved to futures_ICIBAN_30minute.csv
2025-05-06 23:14:43.038249 - ICIBAN 30minute data saved to futures_ICIBAN_30minute.csv
2025-05-07 00:23:38.170675 - ICIBAN 30minute data saved to futures_ICIBAN_30minute.csv
2025-05-07 00:37:27.015085 - ICIBAN 30minute data saved to futures_ICIBAN_30minute.csv
2025-05-07 00:38:50.733265 - ICIBAN 30minute data saved to futures_ICIBAN_30minute.csv
2025-05-07 00:44:28.101989 - ICIBAN 30minute data saved to futures_ICIBAN_30minute.csv
2025-05-07 00:52:49.642819 - ICIBAN 30minute data saved to futures_ICIBAN_30minute.csv
2025-05-07 00:53:57.896202 - ICIBAN 30minute data saved to futures_ICIBAN_30minute.csv
2025-05-07 00:55:36.243329 - ICIBAN 30minute data saved to futures_ICIBAN_30minute.csv
2025-05-07 00:57:35.712530 - ICIBAN 30minute data saved to futures_ICIBAN_30minute.csv
2025-05-07 00:57:54.249374 - ICIBAN 30minute data saved to futures_ICIBAN_30minute.csv
2025-05-07 00:59:10.800661 - ICIBAN 30minute data saved to futures_ICIBAN_30minute.csv
2025-05-07 01:02:41.486203 - ICIBAN 30minute data saved to futures_ICIBAN_30minute.csv
2025-05-07 01:09:30.664872 - ICIBAN 30minute data saved to futures_ICIBAN_30minute.csv
2025-05-07 01:17:36.822095 - ICIBAN 30minute data saved to futures_ICIBAN_30minute.csv
2025-05-07 01:18:15.469551 - ICIBAN 30minute data saved to futures_ICIBAN_30minute.csv
2025-05-07 01:19:43.664585 - ICIBAN 30minute data saved to futures_ICIBAN_30minute.csv
2025-05-07 01:37:51.234020 - ICIBAN 30minute data saved to futures_ICIBAN_30minute.csv
2025-05-07 01:41:53.355952 - ICIBAN 30minute data saved to futures_ICIBAN_30minute.csv
2025-05-07 01:43:08.361687 - ICIBAN 30minute data saved to futures_ICIBAN_30minute.csv
2025-05-07 01:46:47.672711 - ICIBAN 30minute data saved to futures_ICIBAN_30minute.csv
2025-05-07 01:49:22.270642 - ICIBAN 30minute data saved to futures_ICIBAN_30minute.csv
2025-05-07 01:50:23.714013 - ICIBAN 30minute data saved to futures_ICIBAN_30minute.csv
2025-05-07 01:57:48.974033 - ICIBAN 30minute data saved to futures_ICIBAN_30minute.csv
2025-05-07 02:01:19.677158 - ICIBAN 30minute data saved to futures_ICIBAN_30minute.csv
2025-05-07 02:01:51.945791 - ICIBAN 30minute data saved to futures_ICIBAN_30minute.csv
2025-05-07 02:06:13.931795 - ICIBAN 30minute data saved to futures_ICIBAN_30minute.csv
2025-05-07 02:06:53.937043 - ICIBAN 30minute data saved to futures_ICIBAN_30minute.csv
2025-05-07 02:13:26.624282 - ICIBAN 30minute data saved to futures_ICIBAN_30minute.csv
2025-05-07 02:15:30.113056 - ICIBAN 30minute data saved to futures_ICIBAN_30minute.csv
2025-05-07 02:16:21.245907 - ICIBAN 30minute data saved to futures_ICIBAN_30minute.csv
2025-05-07 02:19:15.426910 - ICIBAN 30minute data saved to futures_ICIBAN_30minute.csv
2025-05-07 02:22:07.217771 - ICIBAN 30minute data saved to futures_ICIBAN_30minute.csv
2025-05-07 02:24:59.252407 - AXIBAN 30minute data saved to futures_AXIBAN_30minute.csv
2025-05-07 02:25:48.863101 - AXIBAN 30minute data saved to futures_AXIBAN_30minute.csv
2025-05-07 02:30:34.388619 - AXIBAN 30minute data saved to futures_AXIBAN_30minute.csv
2025-05-07 02:36:00.815664 - AXIBAN 30minute data saved to futures_AXIBAN_30minute.csv
2025-05-07 02:36:28.708317 - AXIBAN 30minute data saved to futures_AXIBAN_30minute.csv
2025-05-07 02:38:00.376793 - AXIBAN 30minute data saved to futures_AXIBAN_30minute.csv
2025-05-07 02:40:04.451251 - AXIBAN 30minute data saved to futures_AXIBAN_30minute.csv
2025-05-07 02:42:52.868396 - AXIBAN 30minute data saved to futures_AXIBAN_30minute.csv
2025-05-07 02:43:41.731927 - SBI 30minute data saved to futures_SBI_30minute.csv
2025-05-07 02:44:21.626911 - SBIN 30minute data saved to futures_SBIN_30minute.csv
2025-05-07 02:45:45.056994 - SBIN 30minute data saved to futures_SBIN_30minute.csv
2025-05-07 02:48:07.166413 - HDFCBANK 30minute data saved to futures_HDFCBANK_30minute.csv
2025-05-07 02:49:00.725336 - AXIBAN 30minute data saved to futures_AXIBAN_30minute.csv
2025-05-07 02:50:42.357272 - ICICIBAN 30minute data saved to futures_ICICIBAN_30minute.csv
2025-05-07 02:51:16.018840 - ICICBAN 30minute data saved to futures_ICICBAN_30minute.csv
2025-05-07 02:51:33.600836 - ICIBAN 30minute data saved to futures_ICIBAN_30minute.csv
2025-05-07 02:52:05.842754 - HDFCBAN 30minute data saved to futures_HDFCBAN_30minute.csv
2025-05-07 02:52:36.801967 - HDFC 30minute data saved to futures_HDFC_30minute.csv
2025-05-07 02:52:56.411126 - PNBBAN 30minute data saved to futures_PNBBAN_30minute.csv
2025-05-07 03:00:16.972532 - ICIBAN 30minute data saved to futures_ICIBAN_30minute.csv
2025-05-07 03:04:27.578288 - ICIBAN 30minute data saved to futures_ICIBAN_30minute.csv
2025-05-07 03:05:14.657542 - ICIBAN 30minute data saved to futures_ICIBAN_30minute.csv
2025-05-07 03:05:48.531472 - SBI 30minute data saved to cash_SBI_30minute.csv
2025-05-07 03:06:10.223588 - ICIBAN 30minute data saved to cash_ICIBAN_30minute.csv
2025-05-07 03:07:42.837420 - ICIBAN 30minute data saved to cash_ICIBAN_30minute.csv
2025-05-07 03:07:55.534931 - RELIANCE 30minute data saved to cash_RELIANCE_30minute.csv
2025-05-07 03:08:04.465290 - ICIBAN 30minute data saved to futures_ICIBAN_30minute.csv
2025-05-07 09:42:31.629696 - ICIBAN 30minute data saved to futures_ICIBAN_30minute.csv
2025-05-12 23:36:33.618787 - ICIBAN 30minute data saved to futures_ICIBAN_30minute.csv
2025-05-12 23:38:19.142276 - ICIBAN 30minute data saved to futures_ICIBAN_30minute.csv
2025-05-12 23:52:44.851422 - AXIBAN 30minute data saved to futures_AXIBAN_30minute.csv
2025-05-12 23:54:51.644954 - AXIBAN 30minute data saved to futures_AXIBAN_30minute.csv
2025-05-13 00:02:25.965675 - AXIBAN 30minute data saved to futures_AXIBAN_30minute.csv
2025-05-13 00:09:55.381071 - SBIBAN 30minute data saved to futures_SBIBAN_30minute.csv
2025-05-13 00:10:17.142545 - SBI 30minute data saved to futures_SBI_30minute.csv
2025-05-13 00:11:43.453373 - SBIN 30minute data saved to futures_SBIN_30minute.csv
2025-05-13 00:13:10.932654 - JIOFIN 30minute data saved to futures_JIOFIN_30minute.csv
2025-05-13 00:14:52.678685 - TATAMOTORS 30minute data saved to futures_TATAMOTORS_30minute.csv
2025-05-13 12:29:17.509380 - JIOFIN 30minute data saved to futures_JIOFIN_30minute.csv
2025-05-13 12:30:21.108489 - JIOFIN 30minute data saved to futures_JIOFIN_30minute.csv
2025-05-13 12:43:06.656506 - JIOFIN 30minute data saved to futures_JIOFIN_30minute.csv
2025-05-13 12:58:16.789275 - JIOFIN 30minute data saved to futures_JIOFIN_30minute.csv
2025-05-13 13:44:30.651636 - JIOFIN 30minute data saved to futures_JIOFIN_30minute.csv
2025-05-13 13:45:35.193903 - JIOFIN 30minute data saved to futures_JIOFIN_30minute.csv
2025-05-13 13:46:18.752024 - JIOFIN 30minute data saved to futures_JIOFIN_30minute.csv
2025-05-13 13:47:05.376527 - JIOFIN 30minute data saved to futures_JIOFIN_30minute.csv
2025-05-13 14:56:18.652285 - JIOFIN 30minute data saved to futures_JIOFIN_30minute.csv
2025-05-13 14:57:08.219427 - JIOFIN 30minute data saved to futures_JIOFIN_30minute.csv
2025-05-13 14:58:50.773496 - JIOFIN 30minute data saved to futures_JIOFIN_30minute.csv
2025-05-13 15:02:48.566158 - JIOFIN 30minute data saved to futures_JIOFIN_30minute.csv
2025-05-13 15:03:53.907569 - JIOFIN 30minute data saved to futures_JIOFIN_30minute.csv
2025-05-13 19:49:11.733194 - JIOFIN 30minute data saved to futures_JIOFIN_30minute.csv
2025-05-13 23:25:47.206956 - JIOFIN 30minute data saved to futures_JIOFIN_30minute.csv
2025-05-13 23:30:25.130068 - JIOFIN 30minute data saved to futures_JIOFIN_30minute.csv
2025-05-13 23:47:33.753825 - JIOFIN 30minute data saved to futures_JIOFIN_30minute.csv
2025-05-14 13:39:40.914232 - JIOFIN","RELIANCE","SBI","TCS","BEL","LICI 30minute data saved to futures_JIOFIN","RELIANCE","SBI","TCS","BEL","LICI_30minute.csv
